// Jest Snapshot v1, https://goo.gl/fbAQLP

exports[`<ContactFormContainer /> Component redenrs correctly 1`] = `
ShallowWrapper {
  "complexSelector": ComplexSelector {
    "buildPredicate": [Function],
    "childrenOfNode": [Function],
    "findWhereUnwrapped": [Function],
  },
  "length": 1,
  "node": <form
    onSubmit={[Function]}
>
    <p>
        First name:
    </p>
    <input
        name="firstName"
        type="text"
    />
    <p>
        Last name:
    </p>
    <input
        name="lastName"
        type="text"
    />
    <p>
        Address:
    </p>
    <input
        name="address"
        type="text"
    />
    <p>
        Phone number: 
    </p>
    <input
        name="phoneNumber"
        type="text"
    />
    <p>
        email: 
    </p>
    <input
        name="email"
        type="text"
    />
    <input
        type="submit"
        value="Submit"
    />
</form>,
  "nodes": Array [
    <form
      onSubmit={[Function]}
>
      <p>
            First name:
      </p>
      <input
            name="firstName"
            type="text"
      />
      <p>
            Last name:
      </p>
      <input
            name="lastName"
            type="text"
      />
      <p>
            Address:
      </p>
      <input
            name="address"
            type="text"
      />
      <p>
            Phone number: 
      </p>
      <input
            name="phoneNumber"
            type="text"
      />
      <p>
            email: 
      </p>
      <input
            name="email"
            type="text"
      />
      <input
            type="submit"
            value="Submit"
      />
</form>,
  ],
  "options": Object {},
  "renderer": ReactShallowRenderer {
    "_instance": ShallowComponentWrapper {
      "_calledComponentWillUnmount": false,
      "_compositeType": 2,
      "_context": Object {},
      "_currentElement": <ContactFormContainer
        handleSubmit={[Function]}
/>,
      "_debugID": 1,
      "_hostContainerInfo": null,
      "_hostParent": null,
      "_instance": StatelessComponent {
        "_reactInternalInstance": [Circular],
        "context": Object {},
        "props": Object {
          "handleSubmit": [Function],
        },
        "refs": Object {},
        "state": null,
        "updater": Object {
          "enqueueCallback": [Function],
          "enqueueCallbackInternal": [Function],
          "enqueueElementInternal": [Function],
          "enqueueForceUpdate": [Function],
          "enqueueReplaceState": [Function],
          "enqueueSetState": [Function],
          "isMounted": [Function],
          "validateCallback": [Function],
        },
      },
      "_mountOrder": 1,
      "_pendingCallbacks": null,
      "_pendingElement": null,
      "_pendingForceUpdate": false,
      "_pendingReplaceState": false,
      "_pendingStateQueue": null,
      "_renderedComponent": NoopInternalComponent {
        "_currentElement": <form
          onSubmit={[Function]}
>
          <p>
                    First name:
          </p>
          <input
                    name="firstName"
                    type="text"
          />
          <p>
                    Last name:
          </p>
          <input
                    name="lastName"
                    type="text"
          />
          <p>
                    Address:
          </p>
          <input
                    name="address"
                    type="text"
          />
          <p>
                    Phone number: 
          </p>
          <input
                    name="phoneNumber"
                    type="text"
          />
          <p>
                    email: 
          </p>
          <input
                    name="email"
                    type="text"
          />
          <input
                    type="submit"
                    value="Submit"
          />
</form>,
        "_debugID": 2,
        "_renderedOutput": <form
          onSubmit={[Function]}
>
          <p>
                    First name:
          </p>
          <input
                    name="firstName"
                    type="text"
          />
          <p>
                    Last name:
          </p>
          <input
                    name="lastName"
                    type="text"
          />
          <p>
                    Address:
          </p>
          <input
                    name="address"
                    type="text"
          />
          <p>
                    Phone number: 
          </p>
          <input
                    name="phoneNumber"
                    type="text"
          />
          <p>
                    email: 
          </p>
          <input
                    name="email"
                    type="text"
          />
          <input
                    type="submit"
                    value="Submit"
          />
</form>,
      },
      "_renderedNodeType": 0,
      "_rootNodeID": 0,
      "_topLevelWrapper": null,
      "_updateBatchNumber": null,
      "_warnedAboutRefsInRender": false,
    },
    "getRenderOutput": [Function],
    "render": [Function],
  },
  "root": [Circular],
  "unrendered": <ContactFormContainer
    handleSubmit={[Function]}
/>,
}
`;
