// Jest Snapshot v1, https://goo.gl/fbAQLP

exports[`<ContactForm /> Component renders correctly 1`] = `
ShallowWrapper {
  "complexSelector": ComplexSelector {
    "buildPredicate": [Function],
    "childrenOfNode": [Function],
    "findWhereUnwrapped": [Function],
  },
  "length": 1,
  "node": <form
    onSubmit={undefined}
>
    <label>
        First name:
    </label>
    <div>
        <Field
            component="input"
            name="firstName"
            type="text"
        />
    </div>
    <label>
        Last name:
    </label>
    <div>
        <Field
            component="input"
            name="lastName"
            type="text"
        />
    </div>
    <label>
        Address:
    </label>
    <div>
        <Field
            component="input"
            name="address"
            type="text"
        />
    </div>
    <label>
        Phone number: 
    </label>
    <div>
        <Field
            component="input"
            name="phoneNumber"
            type="text"
        />
    </div>
    <label>
        email: 
    </label>
    <div>
        <Field
            component="input"
            name="email"
            type="text"
        />
    </div>
    <input
        disabled={false}
        type="submit"
        value="Submit"
    />
</form>,
  "nodes": Array [
    <form
      onSubmit={undefined}
>
      <label>
            First name:
      </label>
      <div>
            <Field
                  component="input"
                  name="firstName"
                  type="text"
            />
      </div>
      <label>
            Last name:
      </label>
      <div>
            <Field
                  component="input"
                  name="lastName"
                  type="text"
            />
      </div>
      <label>
            Address:
      </label>
      <div>
            <Field
                  component="input"
                  name="address"
                  type="text"
            />
      </div>
      <label>
            Phone number: 
      </label>
      <div>
            <Field
                  component="input"
                  name="phoneNumber"
                  type="text"
            />
      </div>
      <label>
            email: 
      </label>
      <div>
            <Field
                  component="input"
                  name="email"
                  type="text"
            />
      </div>
      <input
            disabled={false}
            type="submit"
            value="Submit"
      />
</form>,
  ],
  "options": Object {},
  "renderer": ReactShallowRenderer {
    "_instance": ShallowComponentWrapper {
      "_calledComponentWillUnmount": false,
      "_compositeType": 2,
      "_context": Object {},
      "_currentElement": <ContactForm
        handleSubmit={[Function]}
        onSubmit={[Function]}
        pristine={false}
        submitting={false}
/>,
      "_debugID": 1,
      "_hostContainerInfo": null,
      "_hostParent": null,
      "_instance": StatelessComponent {
        "_reactInternalInstance": [Circular],
        "context": Object {},
        "props": Object {
          "handleSubmit": [Function],
          "onSubmit": [Function],
          "pristine": false,
          "submitting": false,
        },
        "refs": Object {},
        "state": null,
        "updater": Object {
          "enqueueCallback": [Function],
          "enqueueCallbackInternal": [Function],
          "enqueueElementInternal": [Function],
          "enqueueForceUpdate": [Function],
          "enqueueReplaceState": [Function],
          "enqueueSetState": [Function],
          "isMounted": [Function],
          "validateCallback": [Function],
        },
      },
      "_mountOrder": 1,
      "_pendingCallbacks": null,
      "_pendingElement": null,
      "_pendingForceUpdate": false,
      "_pendingReplaceState": false,
      "_pendingStateQueue": null,
      "_renderedComponent": NoopInternalComponent {
        "_currentElement": <form
          onSubmit={undefined}
>
          <label>
                    First name:
          </label>
          <div>
                    <Field
                              component="input"
                              name="firstName"
                              type="text"
                    />
          </div>
          <label>
                    Last name:
          </label>
          <div>
                    <Field
                              component="input"
                              name="lastName"
                              type="text"
                    />
          </div>
          <label>
                    Address:
          </label>
          <div>
                    <Field
                              component="input"
                              name="address"
                              type="text"
                    />
          </div>
          <label>
                    Phone number: 
          </label>
          <div>
                    <Field
                              component="input"
                              name="phoneNumber"
                              type="text"
                    />
          </div>
          <label>
                    email: 
          </label>
          <div>
                    <Field
                              component="input"
                              name="email"
                              type="text"
                    />
          </div>
          <input
                    disabled={false}
                    type="submit"
                    value="Submit"
          />
</form>,
        "_debugID": 2,
        "_renderedOutput": <form
          onSubmit={undefined}
>
          <label>
                    First name:
          </label>
          <div>
                    <Field
                              component="input"
                              name="firstName"
                              type="text"
                    />
          </div>
          <label>
                    Last name:
          </label>
          <div>
                    <Field
                              component="input"
                              name="lastName"
                              type="text"
                    />
          </div>
          <label>
                    Address:
          </label>
          <div>
                    <Field
                              component="input"
                              name="address"
                              type="text"
                    />
          </div>
          <label>
                    Phone number: 
          </label>
          <div>
                    <Field
                              component="input"
                              name="phoneNumber"
                              type="text"
                    />
          </div>
          <label>
                    email: 
          </label>
          <div>
                    <Field
                              component="input"
                              name="email"
                              type="text"
                    />
          </div>
          <input
                    disabled={false}
                    type="submit"
                    value="Submit"
          />
</form>,
      },
      "_renderedNodeType": 0,
      "_rootNodeID": 0,
      "_topLevelWrapper": null,
      "_updateBatchNumber": null,
      "_warnedAboutRefsInRender": false,
    },
    "getRenderOutput": [Function],
    "render": [Function],
  },
  "root": [Circular],
  "unrendered": <ContactForm
    handleSubmit={[Function]}
    onSubmit={[Function]}
    pristine={false}
    submitting={false}
/>,
}
`;
